[2026-06-02 11:58:07.483848] Bootstrap log:
Identified Python 3.11.2 at /usr/bin/python3.11
[Bootstrap] Identified pip 23.0.1 from /usr/lib/python3/dist-packages/pip (python 3.11)' at /usr/bin/python3.11 -m pip
[Bootstrap] Identified 'pipenv, version 2022.12.19' at /usr/bin/python3.11 -m pipenv
[Bootstrap] Running '/usr/bin/python3.11 -m pipenv install --python 3.11' to ensure the existence of a virtual environment.
[Bootstrap] This may take a moment.
Installing dependencies from Pipfile.lock (df9bb1)...
To activate this project's virtualenv, run pipenv shell.
Alternatively, run a command inside the virtualenv with pipenv run.
[Bootstrap] Running the script in a virtual environment.
/usr/bin/python3.11 -m pipenv run python3 ./main.py

[2026-06-02 11:58:07.483926] === Welcome ===
[2026-06-02 11:58:07.602674] Error: Traceback (most recent call last):
  File "/home/student/Desktop/Uni_THM_BS/Hausuebung1/code-1/hu1/.submitscript/src/submitscript/submit.py", line 22, in check_for_new_results
    for submission in assignment.get_submissions():
                      ^^^^^^^^^^^^^^^^^^^^^^^^^^^^
  File "/home/student/Desktop/Uni_THM_BS/Hausuebung1/code-1/hu1/.submitscript/src/submitscript/data/assignment.py", line 32, in get_submissions
    elif submission.submission_data.get().evaluation_result is not None:
         ^^^^^^^^^^^^^^^^^^^^^^^^^^^^^^^^^^^^^^^^^^^^^^^^^^
AttributeError: 'NoneType' object has no attribute 'evaluation_result'

[2026-06-02 11:58:07.602943] Error while checking for new results: 'NoneType' object has no attribute 'evaluation_result'
[2026-06-02 11:58:07.602979] Please report this issue. You will still be able to submit a solution.
[2026-06-02 11:58:07.603057] There is no team.json saved yet. You will need to provide information about your team before you can submit solutions.
[2026-06-02 11:58:07.603065] A new team.json will now be created.

[2026-06-02 11:58:07.603076] Please enter details of team member 1.
[2026-06-02 11:58:23.650315] 
[2026-06-02 11:58:23.650492] First name: Khushi; Last name: Singh; Matriculation number: 5566026
[2026-06-02 11:58:35.982579] team.json successfully created.

[2026-06-02 11:58:47.152308] 
[2026-06-02 11:58:47.152461] === Submitting ===
[2026-06-02 11:58:49.329568] 
[2026-06-02 11:58:49.330490] 
[2026-06-02 11:58:49.330554] Selected variant 'bshell' for assignment 'shell-basic'.
[2026-06-02 11:58:49.398359] === Building submission ===
[2026-06-02 11:58:49.398455] Running 'cmake . && make'.
[2026-06-02 11:58:49.398469] === Building submission finished ===
[2026-06-02 11:58:51.818279] Building your solution failed!
[2026-06-02 11:59:21.649041] === BEGIN Build Log ===
[2026-06-02 11:59:21.649281] -- The C compiler identification is GNU 12.2.0
-- Detecting C compiler ABI info
-- Detecting C compiler ABI info - done
-- Check for working C compiler: /usr/bin/cc - skipped
-- Detecting C compile features
-- Detecting C compile features - done
-- Found BISON: /usr/bin/bison (found version "3.8.2") 
-- Found FLEX: /usr/bin/flex (found version "2.6.4") 
-- Configuring done
-- Generating done
-- Build files have been written to: /tmp/tmprb_c4u1d/bshell
[  7%] [FLEX][BSScanner] Building scanner with flex 2.6.4
[ 15%] [BISON][BSParser] Building parser with bison 3.8.2
[ 23%] Building C object CMakeFiles/shell.dir/src/command.c.o
[ 30%] Building C object CMakeFiles/shell.dir/src/helper.c.o
[ 38%] Building C object CMakeFiles/shell.dir/src/list.c.o
[ 46%] Building C object CMakeFiles/shell.dir/src/execute.c.o
/tmp/tmprb_c4u1d/bshell/src/execute.c: In function ‘execute_fork’:
/tmp/tmprb_c4u1d/bshell/src/execute.c:102:16: warning: variable ‘wpid’ set but not used [-Wunused-but-set-variable]
  102 |     pid_t pid, wpid;
      |                ^~~~
[ 53%] Building C object CMakeFiles/shell.dir/src/statuslist.c.o
/tmp/tmprb_c4u1d/bshell/src/statuslist.c:9:6: error: ‘status_add’ redeclared as different kind of symbol
    9 | void status_add(pid_t pid, pid_t pgid, const char * name) {
      |      ^~~~~~~~~~
In file included from /tmp/tmprb_c4u1d/bshell/src/statuslist.c:6:
/tmp/tmprb_c4u1d/bshell/src/statuslist.h:15:1: note: previous declaration of ‘status_add’ with type ‘status_add’ {aka ‘struct ProcessInfo(int,  int,  const char *)’}
   15 | status_add(pid_t pid, pid_t pgid, const char * name);
      | ^~~~~~~~~~
/tmp/tmprb_c4u1d/bshell/src/statuslist.c: In function ‘status_add’:
/tmp/tmprb_c4u1d/bshell/src/statuslist.c:10:5: error: unknown type name ‘ProcessInfo’; use ‘struct’ keyword to refer to the type
   10 |     ProcessInfo *p = malloc(sizeof(ProcessInfo));
      |     ^~~~~~~~~~~
      |     struct 
/tmp/tmprb_c4u1d/bshell/src/statuslist.c:10:36: error: ‘ProcessInfo’ undeclared (first use in this function)
   10 |     ProcessInfo *p = malloc(sizeof(ProcessInfo));
      |                                    ^~~~~~~~~~~
/tmp/tmprb_c4u1d/bshell/src/statuslist.c:10:36: note: each undeclared identifier is reported only once for each function it appears in
/tmp/tmprb_c4u1d/bshell/src/statuslist.c:11:6: error: request for member ‘pid’ in something not a structure or union
   11 |     p->pid = pid;
      |      ^~
/tmp/tmprb_c4u1d/bshell/src/statuslist.c:12:6: error: request for member ‘pgid’ in something not a structure or union
   12 |     p->pgid = pgid;
      |      ^~
/tmp/tmprb_c4u1d/bshell/src/statuslist.c:13:6: error: request for member ‘status’ in something not a structure or union
   13 |     p->status = 0;
      |      ^~
/tmp/tmprb_c4u1d/bshell/src/statuslist.c:14:6: error: request for member ‘finished’ in something not a structure or union
   14 |     p->finished = 0;
      |      ^~
/tmp/tmprb_c4u1d/bshell/src/statuslist.c: At top level:
/tmp/tmprb_c4u1d/bshell/src/statuslist.c:17:1: warning: return type defaults to ‘int’ [-Wimplicit-int]
   17 | status_print() {}
      | ^~~~~~~~~~~~
/tmp/tmprb_c4u1d/bshell/src/statuslist.c: In function ‘status_print’:
/tmp/tmprb_c4u1d/bshell/src/statuslist.c:17:17: warning: control reaches end of non-void function [-Wreturn-type]
   17 | status_print() {}
      |                 ^
make[2]: *** [CMakeFiles/shell.dir/build.make:143: CMakeFiles/shell.dir/src/statuslist.c.o] Error 1
make[1]: *** [CMakeFiles/Makefile2:83: CMakeFiles/shell.dir/all] Error 2
make: *** [Makefile:91: all] Error 2

[2026-06-02 11:59:21.649346] === END Build Log ===
[2026-06-02 12:00:49.829150] Aborting submission.
[2026-06-02 12:00:49.843179] 
[2026-06-02 12:00:52.490621] 
[2026-06-02 12:00:52.491029] === Submitting ===
[2026-06-02 12:00:58.431063] 
[2026-06-02 12:00:58.431670] 
[2026-06-02 12:00:58.431688] Selected variant 'bshell' for assignment 'shell-basic'.
[2026-06-02 12:00:58.462164] === Building submission ===
[2026-06-02 12:00:58.462420] Running 'cmake . && make'.
[2026-06-02 12:00:58.462470] === Building submission finished ===
[2026-06-02 12:01:01.278640] === Cleaning directory for submission ===
[2026-06-02 12:01:01.284061] === Cleaning directory finished ===
[2026-06-02 12:01:01.342830] === Starting Upload ===
[2026-06-02 12:01:01.547100] === Upload finished ===
[2026-06-02 12:01:01.547706] === BEGIN Upload Log
[2026-06-02 12:01:01.548392] [2026-06-02 12:01:01.489756] Received submission be3253da-39cf-4337-9cea-dd25e629c2ab
[2026-06-02 12:01:01.489905] Ip: 172.18.0.4
[2026-06-02 12:01:01.489947] Team members: [('Singh', 'Khushi', '5566026')]
[2026-06-02 12:01:01.503262] Your submission was ACCEPTED for course 'Betriebssysteme-ss26', assignment 'shell-basic'.
[2026-06-02 12:01:01.503301] Your submission has the id be3253da-39cf-4337-9cea-dd25e629c2ab.
[2026-06-02 12:01:01.503497] This assignment is currently not automatically evaluated.
[2026-06-02 12:01:01.503514] You will receive more information about the evaluation from your lecturer

[2026-06-02 12:01:01.548573] === END Upload Log
[2026-06-02 12:01:01.548635] Successfully submitted your solution. Please see the upload log above for more details.
[2026-06-02 12:01:01.554906] 
