[2026-06-02 16:30:16.238687] Bootstrap log:
Identified Python 3.11.2 at /usr/bin/python3.11
[Bootstrap] Identified pip 23.0.1 from /usr/lib/python3/dist-packages/pip (python 3.11)' at /usr/bin/python3.11 -m pip
[Bootstrap] Identified 'pipenv, version 2022.12.19' at /usr/bin/python3.11 -m pipenv
[Bootstrap] Running '/usr/bin/python3.11 -m pipenv install --python 3.11' to ensure the existence of a virtual environment.
[Bootstrap] This may take a moment.
Installing dependencies from Pipfile.lock (df9bb1)...
To activate this project's virtualenv, run pipenv shell.
Alternatively, run a command inside the virtualenv with pipenv run.
[Bootstrap] Running the script in a virtual environment.
/usr/bin/python3.11 -m pipenv run python3 ./main.py

[2026-06-02 16:30:16.238798] === Welcome ===
[2026-06-02 16:30:16.383556] Error: Traceback (most recent call last):
  File "/home/student/Desktop/Uni_THM_BS/Hausuebung1/code-1/hu1/.submitscript/src/submitscript/submit.py", line 22, in check_for_new_results
    for submission in assignment.get_submissions():
                      ^^^^^^^^^^^^^^^^^^^^^^^^^^^^
  File "/home/student/Desktop/Uni_THM_BS/Hausuebung1/code-1/hu1/.submitscript/src/submitscript/data/assignment.py", line 32, in get_submissions
    elif submission.submission_data.get().evaluation_result is not None:
         ^^^^^^^^^^^^^^^^^^^^^^^^^^^^^^^^^^^^^^^^^^^^^^^^^^
AttributeError: 'NoneType' object has no attribute 'evaluation_result'

[2026-06-02 16:30:16.383992] Error while checking for new results: 'NoneType' object has no attribute 'evaluation_result'
[2026-06-02 16:30:16.384018] Please report this issue. You will still be able to submit a solution.
[2026-06-02 16:30:16.384065] Please review the currently saved information about your team:
[2026-06-02 16:30:16.392199]  1 - First name: Khushi; Last name: Singh; Matriculation number: 5566026
[2026-06-02 16:30:29.878268] 
[2026-06-02 16:30:31.920869] 
[2026-06-02 16:30:31.921626] === Submitting ===
[2026-06-02 16:30:33.945735] 
[2026-06-02 16:30:33.946537] 
[2026-06-02 16:30:33.946595] Selected variant 'bshell' for assignment 'shell-basic'.
[2026-06-02 16:30:34.139040] === Building submission ===
[2026-06-02 16:30:34.139307] Running 'cmake . && make'.
[2026-06-02 16:30:34.139358] === Building submission finished ===
[2026-06-02 16:30:37.642706] === Cleaning directory for submission ===
[2026-06-02 16:30:37.645831] === Cleaning directory finished ===
[2026-06-02 16:30:37.683963] === Starting Upload ===
[2026-06-02 16:30:37.841017] === Upload finished ===
[2026-06-02 16:30:37.841572] === BEGIN Upload Log
[2026-06-02 16:30:37.841619] [2026-06-02 16:30:39.017506] Received submission a81097eb-5f70-43de-b5f6-06b4050bee8f
[2026-06-02 16:30:39.017590] Ip: 172.18.0.4
[2026-06-02 16:30:39.017618] Team members: [('Singh', 'Khushi', '5566026')]
[2026-06-02 16:30:39.029363] Your submission was ACCEPTED for course 'Betriebssysteme-ss26', assignment 'shell-basic'.
[2026-06-02 16:30:39.029402] Your submission has the id a81097eb-5f70-43de-b5f6-06b4050bee8f.
[2026-06-02 16:30:39.029600] This assignment is currently not automatically evaluated.
[2026-06-02 16:30:39.029617] You will receive more information about the evaluation from your lecturer

[2026-06-02 16:30:37.841647] === END Upload Log
[2026-06-02 16:30:37.841673] Successfully submitted your solution. Please see the upload log above for more details.
[2026-06-02 16:30:37.845453] 
