[2026-06-23 12:49:50.008883] Bootstrap log:
Identified Python 3.11.2 at /usr/bin/python3.11
[Bootstrap] Identified pip 23.0.1 from /usr/lib/python3/dist-packages/pip (python 3.11)' at /usr/bin/python3.11 -m pip
[Bootstrap] Identified 'pipenv, version 2022.12.19' at /usr/bin/python3.11 -m pipenv
[Bootstrap] Running '/usr/bin/python3.11 -m pipenv install --python 3.11' to ensure the existence of a virtual environment.
[Bootstrap] This may take a moment.
Installing dependencies from Pipfile.lock (df9bb1)...
To activate this project's virtualenv, run pipenv shell.
Alternatively, run a command inside the virtualenv with pipenv run.
[Bootstrap] Running the script in a virtual environment.
/usr/bin/python3.11 -m pipenv run python3 ./main.py

[2026-06-23 12:49:50.009140] === Welcome ===
[2026-06-23 12:49:50.133445] Error: Traceback (most recent call last):
  File "/home/student/Desktop/Uni_THM_BS/Hausuebung1/code-1/hu1/.submitscript/src/submitscript/submit.py", line 22, in check_for_new_results
    for submission in assignment.get_submissions():
                      ^^^^^^^^^^^^^^^^^^^^^^^^^^^^
  File "/home/student/Desktop/Uni_THM_BS/Hausuebung1/code-1/hu1/.submitscript/src/submitscript/data/assignment.py", line 32, in get_submissions
    elif submission.submission_data.get().evaluation_result is not None:
         ^^^^^^^^^^^^^^^^^^^^^^^^^^^^^^^^^^^^^^^^^^^^^^^^^^
AttributeError: 'NoneType' object has no attribute 'evaluation_result'

[2026-06-23 12:49:50.133640] Error while checking for new results: 'NoneType' object has no attribute 'evaluation_result'
[2026-06-23 12:49:50.133709] Please report this issue. You will still be able to submit a solution.
[2026-06-23 12:49:50.133780] Please review the currently saved information about your team:
[2026-06-23 12:49:50.136698]  1 - First name: Khushi; Last name: Singh; Matriculation number: 5566026
[2026-06-23 12:49:55.714039] 
[2026-06-23 12:50:09.328288] 
[2026-06-23 12:50:09.328491] === Submitting ===
[2026-06-23 12:50:12.604263] 
[2026-06-23 12:50:12.604851] 
[2026-06-23 12:50:12.604870] Selected variant 'bshell' for assignment 'shell-advanced'.
[2026-06-23 12:50:12.740593] === Building submission ===
[2026-06-23 12:50:12.740878] Running 'cmake . && make'.
[2026-06-23 12:50:12.740935] === Building submission finished ===
[2026-06-23 12:50:15.821746] === Cleaning directory for submission ===
[2026-06-23 12:50:15.829901] === Cleaning directory finished ===
[2026-06-23 12:50:15.891581] === Starting Upload ===
[2026-06-23 12:50:16.155024] === Upload finished ===
[2026-06-23 12:50:16.155064] === BEGIN Upload Log
[2026-06-23 12:50:16.155070] [2026-06-23 12:50:17.020441] Received submission 69b5d4b0-353a-4848-80c2-e5f78f1ad6c3
[2026-06-23 12:50:17.020541] Ip: 172.18.0.4
[2026-06-23 12:50:17.020596] Team members: [('Singh', 'Khushi', '5566026')]
[2026-06-23 12:50:17.049863] Your submission was ACCEPTED for course 'Betriebssysteme-ss26', assignment 'shell-advanced'.
[2026-06-23 12:50:17.049980] Your submission has the id 69b5d4b0-353a-4848-80c2-e5f78f1ad6c3.
[2026-06-23 12:50:17.050260] This assignment is currently not automatically evaluated.
[2026-06-23 12:50:17.050314] You will receive more information about the evaluation from your lecturer

[2026-06-23 12:50:16.155075] === END Upload Log
[2026-06-23 12:50:16.155080] Successfully submitted your solution. Please see the upload log above for more details.
[2026-06-23 12:50:16.157157] 
