Identified Python 3.11.2 at /usr/bin/python3.11
[Bootstrap] Identified pip 23.0.1 from /usr/lib/python3/dist-packages/pip (python 3.11)' at /usr/bin/python3.11 -m pip
[Bootstrap] Identified 'pipenv, version 2022.12.19' at /usr/bin/python3.11 -m pipenv
[Bootstrap] Running '/usr/bin/python3.11 -m pipenv install --python 3.11' to ensure the existence of a virtual environment.
[Bootstrap] This may take a moment.
Installing dependencies from Pipfile.lock (df9bb1)...
To activate this project's virtualenv, run pipenv shell.
Alternatively, run a command inside the virtualenv with pipenv run.
[Bootstrap] Running the script in a virtual environment.
/usr/bin/python3.11 -m pipenv run python3 ./main.py
=== Welcome ===
Error while checking for new results: 'NoneType' object has no attribute 'evaluation_result'
Please report this issue. You will still be able to submit a solution.
Please review the currently saved information about your team:
 1 - First name: Khushi; Last name: Singh; Matriculation number: 5566026
Is this information up to date? [Y/n] 
Do you want to submit a solution now? [Y/n] 
=== Submitting ===
Please choose the assignment you want to submit. 
 1 - shell-basic
 2 - shell-advanced
Please enter the id of your selection: 

Selected variant 'bshell' for assignment 'shell-basic'.
=== Building submission ===
Running 'cmake . && make'.
=== Building submission finished ===
=== Cleaning directory for submission ===
=== Cleaning directory finished ===
=== Starting Upload ===
=== Upload finished ===
=== BEGIN Upload Log
[2026-06-02 16:30:39.017506] Received submission a81097eb-5f70-43de-b5f6-06b4050bee8f
[2026-06-02 16:30:39.017590] Ip: 172.18.0.4
[2026-06-02 16:30:39.017618] Team members: [('Singh', 'Khushi', '5566026')]
[2026-06-02 16:30:39.029363] Your submission was ACCEPTED for course 'Betriebssysteme-ss26', assignment 'shell-basic'.
[2026-06-02 16:30:39.029402] Your submission has the id a81097eb-5f70-43de-b5f6-06b4050bee8f.
[2026-06-02 16:30:39.029600] This assignment is currently not automatically evaluated.
[2026-06-02 16:30:39.029617] You will receive more information about the evaluation from your lecturer

=== END Upload Log
Successfully submitted your solution. Please see the upload log above for more details.

Do you want to submit another solution? [Y/n] 